------------------------------------------------------------
Timing Analyzer Summary
------------------------------------------------------------

Type  : Slow 1100mV 100C Model Setup 'i_clk'
Slack : -9.642
TNS   : -1493.918

Type  : Slow 1100mV 100C Model Hold 'i_clk'
Slack : 0.321
TNS   : 0.000

Type  : Slow 1100mV 100C Model Minimum Pulse Width 'i_clk'
Slack : -2.636
TNS   : -277.055

Type  : Slow 1100mV -40C Model Setup 'i_clk'
Slack : -9.714
TNS   : -1493.478

Type  : Slow 1100mV -40C Model Hold 'i_clk'
Slack : 0.317
TNS   : 0.000

Type  : Slow 1100mV -40C Model Minimum Pulse Width 'i_clk'
Slack : -2.636
TNS   : -246.394

Type  : Fast 1100mV 100C Model Setup 'i_clk'
Slack : -4.651
TNS   : -660.072

Type  : Fast 1100mV 100C Model Hold 'i_clk'
Slack : 0.164
TNS   : 0.000

Type  : Fast 1100mV 100C Model Minimum Pulse Width 'i_clk'
Slack : -2.174
TNS   : -148.844

Type  : Fast 1100mV -40C Model Setup 'i_clk'
Slack : -3.978
TNS   : -565.137

Type  : Fast 1100mV -40C Model Hold 'i_clk'
Slack : 0.147
TNS   : 0.000

Type  : Fast 1100mV -40C Model Minimum Pulse Width 'i_clk'
Slack : -2.174
TNS   : -184.804

------------------------------------------------------------
