------------------------------------------------------------
Timing Analyzer Summary
------------------------------------------------------------

Type  : Slow 1200mV 85C Model Setup 'i_CLOCK_50'
Slack : -14.673
TNS   : -3030.397

Type  : Slow 1200mV 85C Model Setup 'cpu_001:CPU_001|GreyCode:GreyCodeCounter|o_GreyCode[1]~reg0'
Slack : -8.335
TNS   : -243.421

Type  : Slow 1200mV 85C Model Setup 'cpu_001:CPU_001|GreyCode:GreyCodeCounter|o_GreyCode[0]~reg0'
Slack : -7.919
TNS   : -164.260

Type  : Slow 1200mV 85C Model Setup 'Wrap_Keyboard:KEYBOARD|ps2_keyboard_to_ascii:ps2Keyboard|ps2_keyboard:ps2_keyboard_0|debounce:debounce_ps2_clk|result'
Slack : -0.209
TNS   : -0.753

Type  : Slow 1200mV 85C Model Hold 'i_CLOCK_50'
Slack : 0.296
TNS   : 0.000

Type  : Slow 1200mV 85C Model Hold 'Wrap_Keyboard:KEYBOARD|ps2_keyboard_to_ascii:ps2Keyboard|ps2_keyboard:ps2_keyboard_0|debounce:debounce_ps2_clk|result'
Slack : 0.319
TNS   : 0.000

Type  : Slow 1200mV 85C Model Hold 'cpu_001:CPU_001|GreyCode:GreyCodeCounter|o_GreyCode[1]~reg0'
Slack : 0.454
TNS   : 0.000

Type  : Slow 1200mV 85C Model Hold 'cpu_001:CPU_001|GreyCode:GreyCodeCounter|o_GreyCode[0]~reg0'
Slack : 0.890
TNS   : 0.000

Type  : Slow 1200mV 85C Model Recovery 'i_CLOCK_50'
Slack : -1.132
TNS   : -38.714

Type  : Slow 1200mV 85C Model Recovery 'cpu_001:CPU_001|GreyCode:GreyCodeCounter|o_GreyCode[1]~reg0'
Slack : -0.318
TNS   : -1.971

Type  : Slow 1200mV 85C Model Removal 'cpu_001:CPU_001|GreyCode:GreyCodeCounter|o_GreyCode[1]~reg0'
Slack : 0.473
TNS   : 0.000

Type  : Slow 1200mV 85C Model Removal 'i_CLOCK_50'
Slack : 1.152
TNS   : 0.000

Type  : Slow 1200mV 85C Model Minimum Pulse Width 'i_CLOCK_50'
Slack : -3.201
TNS   : -776.217

Type  : Slow 1200mV 85C Model Minimum Pulse Width 'cpu_001:CPU_001|GreyCode:GreyCodeCounter|o_GreyCode[1]~reg0'
Slack : -3.201
TNS   : -62.681

Type  : Slow 1200mV 85C Model Minimum Pulse Width 'cpu_001:CPU_001|GreyCode:GreyCodeCounter|o_GreyCode[0]~reg0'
Slack : -1.487
TNS   : -34.201

Type  : Slow 1200mV 85C Model Minimum Pulse Width 'Wrap_Keyboard:KEYBOARD|ps2_keyboard_to_ascii:ps2Keyboard|ps2_keyboard:ps2_keyboard_0|debounce:debounce_ps2_clk|result'
Slack : -1.487
TNS   : -16.357

Type  : Slow 1200mV 0C Model Setup 'i_CLOCK_50'
Slack : -13.367
TNS   : -2802.635

Type  : Slow 1200mV 0C Model Setup 'cpu_001:CPU_001|GreyCode:GreyCodeCounter|o_GreyCode[1]~reg0'
Slack : -7.896
TNS   : -225.725

Type  : Slow 1200mV 0C Model Setup 'cpu_001:CPU_001|GreyCode:GreyCodeCounter|o_GreyCode[0]~reg0'
Slack : -7.399
TNS   : -152.104

Type  : Slow 1200mV 0C Model Setup 'Wrap_Keyboard:KEYBOARD|ps2_keyboard_to_ascii:ps2Keyboard|ps2_keyboard:ps2_keyboard_0|debounce:debounce_ps2_clk|result'
Slack : -0.103
TNS   : -0.317

Type  : Slow 1200mV 0C Model Hold 'i_CLOCK_50'
Slack : 0.208
TNS   : 0.000

Type  : Slow 1200mV 0C Model Hold 'Wrap_Keyboard:KEYBOARD|ps2_keyboard_to_ascii:ps2Keyboard|ps2_keyboard:ps2_keyboard_0|debounce:debounce_ps2_clk|result'
Slack : 0.387
TNS   : 0.000

Type  : Slow 1200mV 0C Model Hold 'cpu_001:CPU_001|GreyCode:GreyCodeCounter|o_GreyCode[1]~reg0'
Slack : 0.402
TNS   : 0.000

Type  : Slow 1200mV 0C Model Hold 'cpu_001:CPU_001|GreyCode:GreyCodeCounter|o_GreyCode[0]~reg0'
Slack : 0.665
TNS   : 0.000

Type  : Slow 1200mV 0C Model Recovery 'i_CLOCK_50'
Slack : -0.960
TNS   : -31.656

Type  : Slow 1200mV 0C Model Recovery 'cpu_001:CPU_001|GreyCode:GreyCodeCounter|o_GreyCode[1]~reg0'
Slack : -0.214
TNS   : -1.258

Type  : Slow 1200mV 0C Model Removal 'cpu_001:CPU_001|GreyCode:GreyCodeCounter|o_GreyCode[1]~reg0'
Slack : 0.308
TNS   : 0.000

Type  : Slow 1200mV 0C Model Removal 'i_CLOCK_50'
Slack : 1.053
TNS   : 0.000

Type  : Slow 1200mV 0C Model Minimum Pulse Width 'i_CLOCK_50'
Slack : -3.201
TNS   : -776.258

Type  : Slow 1200mV 0C Model Minimum Pulse Width 'cpu_001:CPU_001|GreyCode:GreyCodeCounter|o_GreyCode[1]~reg0'
Slack : -3.201
TNS   : -62.681

Type  : Slow 1200mV 0C Model Minimum Pulse Width 'cpu_001:CPU_001|GreyCode:GreyCodeCounter|o_GreyCode[0]~reg0'
Slack : -1.487
TNS   : -34.201

Type  : Slow 1200mV 0C Model Minimum Pulse Width 'Wrap_Keyboard:KEYBOARD|ps2_keyboard_to_ascii:ps2Keyboard|ps2_keyboard:ps2_keyboard_0|debounce:debounce_ps2_clk|result'
Slack : -1.487
TNS   : -16.357

Type  : Fast 1200mV 0C Model Setup 'i_CLOCK_50'
Slack : -5.818
TNS   : -1079.841

Type  : Fast 1200mV 0C Model Setup 'cpu_001:CPU_001|GreyCode:GreyCodeCounter|o_GreyCode[1]~reg0'
Slack : -3.196
TNS   : -82.589

Type  : Fast 1200mV 0C Model Setup 'cpu_001:CPU_001|GreyCode:GreyCodeCounter|o_GreyCode[0]~reg0'
Slack : -2.815
TNS   : -54.933

Type  : Fast 1200mV 0C Model Setup 'Wrap_Keyboard:KEYBOARD|ps2_keyboard_to_ascii:ps2Keyboard|ps2_keyboard:ps2_keyboard_0|debounce:debounce_ps2_clk|result'
Slack : 0.448
TNS   : 0.000

Type  : Fast 1200mV 0C Model Hold 'i_CLOCK_50'
Slack : 0.165
TNS   : 0.000

Type  : Fast 1200mV 0C Model Hold 'Wrap_Keyboard:KEYBOARD|ps2_keyboard_to_ascii:ps2Keyboard|ps2_keyboard:ps2_keyboard_0|debounce:debounce_ps2_clk|result'
Slack : 0.175
TNS   : 0.000

Type  : Fast 1200mV 0C Model Hold 'cpu_001:CPU_001|GreyCode:GreyCodeCounter|o_GreyCode[1]~reg0'
Slack : 0.188
TNS   : 0.000

Type  : Fast 1200mV 0C Model Hold 'cpu_001:CPU_001|GreyCode:GreyCodeCounter|o_GreyCode[0]~reg0'
Slack : 0.294
TNS   : 0.000

Type  : Fast 1200mV 0C Model Recovery 'i_CLOCK_50'
Slack : 0.007
TNS   : 0.000

Type  : Fast 1200mV 0C Model Recovery 'cpu_001:CPU_001|GreyCode:GreyCodeCounter|o_GreyCode[1]~reg0'
Slack : 0.293
TNS   : 0.000

Type  : Fast 1200mV 0C Model Removal 'cpu_001:CPU_001|GreyCode:GreyCodeCounter|o_GreyCode[1]~reg0'
Slack : 0.193
TNS   : 0.000

Type  : Fast 1200mV 0C Model Removal 'i_CLOCK_50'
Slack : 0.506
TNS   : 0.000

Type  : Fast 1200mV 0C Model Minimum Pulse Width 'i_CLOCK_50'
Slack : -3.000
TNS   : -631.354

Type  : Fast 1200mV 0C Model Minimum Pulse Width 'cpu_001:CPU_001|GreyCode:GreyCodeCounter|o_GreyCode[1]~reg0'
Slack : -1.000
TNS   : -41.000

Type  : Fast 1200mV 0C Model Minimum Pulse Width 'cpu_001:CPU_001|GreyCode:GreyCodeCounter|o_GreyCode[0]~reg0'
Slack : -1.000
TNS   : -23.000

Type  : Fast 1200mV 0C Model Minimum Pulse Width 'Wrap_Keyboard:KEYBOARD|ps2_keyboard_to_ascii:ps2Keyboard|ps2_keyboard:ps2_keyboard_0|debounce:debounce_ps2_clk|result'
Slack : -1.000
TNS   : -11.000

------------------------------------------------------------
