------------------------------------------------------------
Timing Analyzer Summary
------------------------------------------------------------

Type  : Slow 1100mV 100C Model Setup 'i_clk'
Slack : -9.303
TNS   : -1069.257

Type  : Slow 1100mV 100C Model Hold 'i_clk'
Slack : 0.362
TNS   : 0.000

Type  : Slow 1100mV 100C Model Minimum Pulse Width 'i_clk'
Slack : -2.636
TNS   : -204.991

Type  : Slow 1100mV -40C Model Setup 'i_clk'
Slack : -9.456
TNS   : -1079.812

Type  : Slow 1100mV -40C Model Hold 'i_clk'
Slack : 0.348
TNS   : 0.000

Type  : Slow 1100mV -40C Model Minimum Pulse Width 'i_clk'
Slack : -2.636
TNS   : -183.594

Type  : Fast 1100mV 100C Model Setup 'i_clk'
Slack : -4.394
TNS   : -455.118

Type  : Fast 1100mV 100C Model Hold 'i_clk'
Slack : 0.178
TNS   : 0.000

Type  : Fast 1100mV 100C Model Minimum Pulse Width 'i_clk'
Slack : -2.174
TNS   : -113.933

Type  : Fast 1100mV -40C Model Setup 'i_clk'
Slack : -3.797
TNS   : -394.711

Type  : Fast 1100mV -40C Model Hold 'i_clk'
Slack : 0.166
TNS   : 0.000

Type  : Fast 1100mV -40C Model Minimum Pulse Width 'i_clk'
Slack : -2.174
TNS   : -139.200

------------------------------------------------------------
