ADR LABEL		MACH	OPC	V1[,V2]			// COMMENT
000	START		0x9800	NOP					// 
001				0x4031	LRI	Reg0,0X31		// SEND OUT 1 TO VDU
002				0x7020	IOW	Reg0,DATA_STK	// 
003				0x4032	LRI	Reg0,0X32		// WRITE 2 TO DATA STACK
004				0x7020	IOW	Reg0,DATA_STK	// 
005				0x4033	LRI	Reg0,0X33		// WRITE 3 TO DATA STACK
006				0x7020	IOW	Reg0,DATA_STK	// 
007				0x4034	LRI	Reg0,0X34		// WRITE 4 TO DATA STACK
008				0x7020	IOW	Reg0,DATA_STK	// 
009				0x4035	LRI	Reg0,0X35		// WRITE 5 TO DATA STACK
00a				0x7020	IOW	Reg0,DATA_STK	// 
00b				0xC011	JSR	WRVDU			// 
00c				0xC011	JSR	WRVDU			// 
00d				0xC011	JSR	WRVDU			// 
00e				0xC011	JSR	WRVDU			// 
00f				0xC011	JSR	WRVDU			// 
010	LOOP4VR		0xD010	JMP	LOOP4VR			// 
011	WRVDU		0xC015	JSR	WTVDUTXRDY		// WAIT VDU TX READY
012				0x6120	IOR	Reg1,DATA_STK	// READ DATA STACK
013				0x710B	IOW	Reg1,VDU_TX		// WRITE OUT R1 TO SCREEN
014				0x3008	RTS					// 
015	WTVDUTXRDY	0x600A	IOR	Reg0,VDU_STAT	// READ VDU STATUS
016				0xA002	ARI	Reg0,0X02		// TX EMPTY FLAG
017				0xE015	BEZ	WTVDUTXRDY		// WAIT UNTIL TX EMPTY
018				0x3008	RTS					// 
