------------------------------------------------------------
Timing Analyzer Summary
------------------------------------------------------------

Type  : Slow 1100mV 100C Model Setup 'altera_reserved_tck'
Slack : 11.689
TNS   : 0.000

Type  : Slow 1100mV 100C Model Hold 'altera_reserved_tck'
Slack : 0.341
TNS   : 0.000

Type  : Slow 1100mV 100C Model Recovery 'altera_reserved_tck'
Slack : 29.963
TNS   : 0.000

Type  : Slow 1100mV 100C Model Removal 'altera_reserved_tck'
Slack : 1.011
TNS   : 0.000

Type  : Slow 1100mV 100C Model Minimum Pulse Width 'altera_reserved_tck'
Slack : 15.125
TNS   : 0.000

Type  : Slow 1100mV -40C Model Setup 'altera_reserved_tck'
Slack : 11.884
TNS   : 0.000

Type  : Slow 1100mV -40C Model Hold 'altera_reserved_tck'
Slack : 0.349
TNS   : 0.000

Type  : Slow 1100mV -40C Model Recovery 'altera_reserved_tck'
Slack : 30.173
TNS   : 0.000

Type  : Slow 1100mV -40C Model Removal 'altera_reserved_tck'
Slack : 0.945
TNS   : 0.000

Type  : Slow 1100mV -40C Model Minimum Pulse Width 'altera_reserved_tck'
Slack : 15.137
TNS   : 0.000

Type  : Fast 1100mV 100C Model Setup 'altera_reserved_tck'
Slack : 14.393
TNS   : 0.000

Type  : Fast 1100mV 100C Model Hold 'altera_reserved_tck'
Slack : 0.094
TNS   : 0.000

Type  : Fast 1100mV 100C Model Recovery 'altera_reserved_tck'
Slack : 31.283
TNS   : 0.000

Type  : Fast 1100mV 100C Model Removal 'altera_reserved_tck'
Slack : 0.419
TNS   : 0.000

Type  : Fast 1100mV 100C Model Minimum Pulse Width 'altera_reserved_tck'
Slack : 14.877
TNS   : 0.000

Type  : Fast 1100mV -40C Model Setup 'altera_reserved_tck'
Slack : 14.872
TNS   : 0.000

Type  : Fast 1100mV -40C Model Hold 'altera_reserved_tck'
Slack : 0.070
TNS   : 0.000

Type  : Fast 1100mV -40C Model Recovery 'altera_reserved_tck'
Slack : 31.592
TNS   : 0.000

Type  : Fast 1100mV -40C Model Removal 'altera_reserved_tck'
Slack : 0.328
TNS   : 0.000

Type  : Fast 1100mV -40C Model Minimum Pulse Width 'altera_reserved_tck'
Slack : 14.855
TNS   : 0.000

------------------------------------------------------------
